---
source: crates/lsharp-wasm/tests/snapshot.rs
expression: dump
---
=== Wasm バイナリ構造 ===
バイナリサイズ: 4679 bytes
マジック: 00 61 73 6d
バージョン: 1

セクション数: 10
  [ 1] Type         159 bytes
  [ 2] Import       320 bytes
  [ 3] Function     24 bytes
  [ 4] Table        5 bytes
  [ 5] Memory       3 bytes
  [ 6] Global       45 bytes
  [ 7] Export       250 bytes
  [ 9] Element      40 bytes
  [10] Code         3794 bytes
  [11] Data         7 bytes
