---
source: crates/lsharp-wasm/tests/snapshot.rs
expression: dump
---
=== Wasm バイナリ構造 ===
バイナリサイズ: 2102 bytes
マジック: 00 61 73 6d
バージョン: 1

セクション数: 8
  [ 1] Type         141 bytes
  [ 2] Import       320 bytes
  [ 3] Function     17 bytes
  [ 5] Memory       3 bytes
  [ 6] Global       7 bytes
  [ 7] Export       19 bytes
  [10] Code         1561 bytes
  [11] Data         7 bytes
